hannah970
baseball74
iloveyou
shadow
george
welcome1@
iloveyou
hockey47
startrek!
cookie
football1654
superman!
iloveyou633
iloveyou1437
1qaz2wsx
aa123456
football1307
qwerty123
111111428
princess955
football!
football1808
cheese
1qaz2wsx70
fuckyou
cookie662
service
zxcvbnm@
freedom
yankees132
canada
hello
hotdog904
sunshine12285
internet
master
killer
aa123456
login#
welcome1@
111111973
sunshine123401
canada
computer
buster
mustang
password@
superman#
monkey@
internet152
winter
access477
cookie
mustang758
flower
654321@
sunshine1!
peanut!
jordan
summer@
sunshine1#
hockey
computer
121212#
monkey28
jordan198
cheese
hockey104
hunter345
password#
master854
hunter489
melissa88
computer!
flower
princess
login
cheese
letmein!
admin
monkey257
123123246
sunshine1
summer
121212@
princess536
aa123456
charlie
whatever569
121212
sunshine123
hotdog!
qwerty123
asdfgh@
hotdog
harley#
hunter
startrek124
chicken74
sunshine
princess
ranger904
hockey764
access
test123527
startrek200
shadow
mustang567
welcome#
biteme
killer
jordan
tigger773
jordan@
111111
hannah
aa123456435
welcome649
master
jordan883
letmein347
qazwsx
flower
hunter#
cookie543
qwerty123512
cheese822
dragon!
123123@
fuckyou
test123
canada#
soccer
admin
qazwsx!
ranger
master
yankees@
biteme
flower
jordan#
hannah250
soccer
melissa390
hotdog
123123
jordan
computer600
welcome#
killer@
service#
abc123#
login
123123!
killer
admin
internet
baseball!
iloveyou1697
jordan
123123!
65432167
sunshine
buster236
internet
yankees!
hunter79
ranger#
welcome1136
iloveyou#
superman@
access297
zxcvbnm!
hunter319
welcome
123123991
service
shadow145
qazwsx
winter236
canada
access697
peanut744
cheese
melissa1
canada@
letmein923
autumn66
sunshine369
baseball
yankees
tigger
autumn
computer@
master50
admin659
baseball
fuckyou424
peanut261
george
canada@
flower@
abc123563
melissa777
admin
shadow#
shadow326
jordan
corvette
654321215
mustang770
hotdog
123123
tigger918
computer661
cookie
dragon
access0
654321875
harley
princess!
1qaz2wsx
qazwsx!
peanut@
ranger
freedom101
654321966
jordan
iloveyou1308
chicken660
654321
corvette
welcome
startrek
password1
abc123#
startrek
password#
12312369
hunter
zxcvbnm226
batman
aa123456917
startrek!
login
soccer24
baseball
canada#
freedom81
donald
cookie680
melissa
password
cheese!
buster389
test123!
fuckyou#
qwerty123197
fuckyou
computer
zxcvbnm64
donald!
mustang371
football268
peanut
killer
zxcvbnm976
test123
abc123!
peanut@
george335
winter!
hunter
corvette66
sunshine12
password1
jordan
superman
qwerty123
startrek@
iloveyou1867
biteme286
ranger
asdfgh
george#
donald334
ranger@
superman
batman
qwerty123
biteme
donald
autumn524
jordan
cheese222
mustang
ranger
hannah
cookie
abc123
corvette
sunshine12!
flower407
yankees683
baseball319
startrek#
hunter
password444
freedom840
football1904
flower
sunshine12
football1#
123123175
yankees
batman
peanut129
chicken
flower@
computer629
aa123456
computer961
summer
donald!
hannah
1qaz2wsx#
startrek315
service674
123123
password633
george
fuckyou
qazwsx367
shadow
111111
qazwsx#
111111!
internet
trustno1
qazwsx906
hello
cheese
hannah918
login
jordan630
autumn
computer#
hannah
jordan!
winter
121212593
iloveyou1
autumn271
football1149
master
baseball303
chicken!
dragon226
test123
qazwsx@
football
welcome1
121212365
peanut
winter
admin@
princess
login892
jordan
sunshine123#
asdfgh
hello
iloveyou544
aa123456
batman
corvette
charlie
peanut!
secret732
test123
qwerty123
jordan
melissa#
baseball
121212995
soccer
jordan@
hunter@
hannah196
george388
654321
test123@
cookie808
sunshine
dragon
flower@
monkey
football!
football
iloveyou1!
service
buster
shadow844
superman!
buster301
password1267
ranger
autumn#
123123#
monkey
test123531
fuckyou!
welcome1!
yankees
654321
password
access711
cheese#
flower@
killer
master!
hannah364
canada913
monkey380
jordan438
killer
iloveyou1608
hannah534
sunshine12
zxcvbnm#
killer129
george519
peanut@
princess@
hannah
george335
batman
service154
peanut
batman653
buster906
dragon12
hockey512
welcome#
computer5
football1
killer@
whatever464
jordan643
harley
flower256
1qaz2wsx
aa123456
service
dragon
hunter
football1@
fuckyou!
autumn534
1qaz2wsx215
111111!
summer652
hotdog
letmein76
summer
hockey
hockey820
soccer
donald
summer682
biteme778
summer802
internet703
aa123456!
hotdog@
peanut328
password1!
winter156
iloveyou
654321#
letmein
sunshine671
superman
aa123456794
princess
hello!
sunshine12
abc123@
master
freedom568
startrek239
abc123570
zxcvbnm@
access
sunshine1
hannah
biteme860
password1
winter
football
111111
dragon
qazwsx!
winter
sunshine12789
test123350
sunshine1253
summer847
melissa#
cheese@
abc123810
donald
shadow803
sunshine12
football150
batman
fuckyou!
sunshine1
login
football
charlie
startrek!
letmein377
sunshine123727
aa123456431
welcome441
welcome1
startrek589
trustno1
princess
batman
princess641
password
soccer
fuckyou#
welcome1
aa123456944
login747
sunshine123726
ranger!
dragon
master398
hello
iloveyou#
asdfgh
freedom@
startrek488
tigger803
hotdog#
letmein@
cookie
internet
killer826
password329
password1161
login831
sunshine12701
iloveyou187
hunter806
iloveyou693
buster#
letmein810
sunshine1
killer#
hannah
soccer
biteme371
121212
football944
batman
princess323
hotdog
dragon
welcome1218
password1
qazwsx260
hunter
monkey!
autumn891
trustno1
shadow#
killer!
123123402
flower@
hockey176
summer
jordan
superman
hunter#
asdfgh776
hannah380
whatever383
hello
letmein
flower
autumn910
superman
sunshine463
killer!
winter
iloveyou
login449
startrek
monkey277
hello
chicken
princess!
soccer573
whatever263
test123
superman399
flower
welcome#
admin!
yankees190
football
hotdog
aa123456@
charlie
abc123
buster@
cookie
121212!
cheese#
abc12392
secret
aa123456
flower#
password
sunshine#
harley#
internet590
batman976
111111
harley
aa123456171
ranger
superman948
welcome
george
cheese!
charlie
zxcvbnm
whatever
sunshine1
login
canada!
service
654321
winter
melissa
hannah
baseball@
summer
letmein!
aa12345670
hunter
admin430
football
tigger#
sunshine1!
superman!
letmein
yankees115
hello!
111111
zxcvbnm604
whatever523
corvette591
harley!
sunshine1
welcome1
sunshine12727
sunshine12310
cookie31
hockey
canada
george331
tigger291
iloveyou
sunshine1268
iloveyou529
summer!
hockey982
mustang
hunter#
superman756
qazwsx
corvette784
canada985
hotdog893
qwerty123709
summer299
654321
hannah6
asdfgh@
peanut822
football1
melissa331
buster
monkey#
abc123#
test123529
zxcvbnm!
cheese!
trustno1
corvette
sunshine123
startrek498
mustang
winter
cookie
biteme#
startrek@
biteme@
donald
welcome1617
welcome1!
corvette10
sunshine124
superman!
monkey201
sunshine12#
iloveyou1@
hunter
flower
superman@
access
test123!
letmein
george
dragon!
trustno1357
service
canada596
baseball
hockey@
charlie322
peanut428
trustno1
hockey423
access
charlie174
aa1234567
sunshine123371
iloveyou1892
computer
password1#
harley396
yankees352
dragon285
princess
hunter@
asdfgh
autumn@
computer385
fuckyou
qwerty123@
jordan
autumn547
111111
111111#
service29
letmein!
charlie794
donald
sunshine123#
peanut!
cookie90
qazwsx836
summer
qazwsx
monkey375
monkey
computer
biteme#
hockey729
football623
hunter
internet!
cookie@
killer
121212
football1
yankees!
baseball@
freedom
cheese767
canada765
65432192
asdfgh#
123123
baseball692
111111866
donald
sunshine1@
jordan
summer
hunter
admin
secret
111111
cheese
login601
whatever
princess613
buster
winter
iloveyou917
hunter113
freedom165
zxcvbnm582
hello
letmein
melissa
access979
donald
summer!
yankees#
harley@
monkey
biteme@
654321
cookie760
aa123456662
killer@
autumn
iloveyou!
computer
abc123
flower
killer167
computer91
secret@
autumn!
111111435
sunshine!
startrek
asdfgh@
hello
asdfgh#
hunter!
hannah529
iloveyou1930
master!
melissa#
football1431
admin#
monkey
qwerty123
autumn568
654321246
jordan
hunter
ranger
654321#
access
sunshine1!
111111931
sunshine
123123!
111111
canada
welcome1
autumn794
george
letmein718
peanut123
shadow@
freedom
winter#
letmein
george#
access
summer#
freedom34
summer
asdfgh116
freedom
princess#
internet@
ranger551
letmein
access
dragon@
canada
qwerty123@
12121277
654321
football216
zxcvbnm339
summer321
secret
harley!
login744
service!
jordan@
dragon
password1648
yankees
sunshine#
winter521
sunshine12732
iloveyou#
hannah
autumn
cheese
password910
qwerty123
trustno1#
cookie
donald!
charlie311
summer
trustno1858
charlie#
welcome@
tigger
baseball
yankees
george
baseball!
mustang
donald!
hannah
hannah!
access
iloveyou
shadow641
computer
monkey#
chicken
melissa
princess@
shadow366
cheese@
football1@
jordan
cookie
hotdog
ranger
winter154
shadow!
admin!
123123209
winter
flower541
harley
cheese922
soccer
letmein
cheese@
internet
hockey
jordan
killer362
password1658
abc123221
tigger977
yankees
access
chicken
baseball@
winter
test123884
monkey
letmein
123123
hello
startrek347
dragon
letmein@
killer
batman
chicken
access@
password1
sunshine1!
summer
cheese
sunshine
jordan
hunter520
sunshine123974
letmein!
1qaz2wsx#
melissa
tigger408
sunshine1
service779
login
123123#
internet@
freedom!
baseball#
asdfgh562
football1
fuckyou#
sunshine1@
internet363
654321
sunshine1@
jordan
cheese
hockey!
winter@
hello
charlie
football329
password1
ranger384
summer678
shadow281
qwerty123711
secret@
princess6
access@
autumn535
ranger
football1!
charlie313
ranger247
shadow
hunter131
autumn!
asdfgh
biteme993
ranger360
qazwsx@
autumn64
sunshine81
canada538
monkey110
test123
trustno1450
admin!
killer758
sunshine1#
melissa787
whatever
football1
abc123@
1qaz2wsx@
melissa!
startrek863
baseball892
melissa
iloveyou1
chicken#
peanut
startrek697
peanut254
sunshine1
qazwsx@
autumn
access726
mustang
sunshine123!
chicken8
welcome1
hotdog224
hunter@
1qaz2wsx
buster59
whatever
abc123!
sunshine123754
hockey
iloveyou1
buster528
superman
startrek#
asdfgh
iloveyou
flower856
killer#
sunshine123736
jordan
killer400
internet
sunshine1
zxcvbnm152
melissa
dragon
buster671
access356
shadow205
peanut
admin
peanut
cheese@
peanut51
cheese
melissa
freedom
sunshine123!
sunshine12@
canada
football525
qazwsx
autumn745
hello678
password862
princess
george119
tigger548
zxcvbnm@
iloveyou143
hunter
buster@
iloveyou1
letmein108
football1
hello
password1402
welcome1
soccer@
111111
sunshine
football220
mustang
aa12345611
corvette
login
cheese
hunter@
melissa
secret
melissa!
trustno1203
corvette#
flower
abc123#
peanut!
zxcvbnm852
service#
iloveyou1
ranger
hunter
george
baseball
mustang845
shadow#
password1
peanut
fuckyou
peanut468
sunshine1218
canada
dragon
tigger191
iloveyou1
soccer699
aa123456399
princess
cheese911
abc123
canada
charlie106
welcome1#
summer!
111111
ranger
111111638
tigger980
cookie
iloveyou928
winter
whatever570
cookie@
1qaz2wsx35
admin
donald601
charlie#
george298
sunshine12!
internet#
hotdog@
abc123!
cheese
121212
cookie@
cookie!
peanut994
aa123456278
hunter635
computer111
canada327
tigger@
qwerty123
flower
princess
sunshine123
hotdog#
canada#
whatever
football544
winter
sunshine12
freedom
charlie990
canada861
canada511
aa123456@
121212
soccer346
trustno1!
george591
soccer#
qazwsx@
george512
dragon760
qazwsx
hotdog!
111111
cookie#
welcome1998
welcome
hannah223
admin#
iloveyou
iloveyou1
secret#
mustang#
welcome1@
buster
charlie29
autumn#
shadow598
service
iloveyou#
melissa
secret589
1qaz2wsx
mustang
computer
sunshine753
hunter809
hunter#
welcome
summer
iloveyou1#
flower578
cookie!
charlie707
monkey
mustang109
fuckyou497
chicken
654321#
service214
welcome@
hotdog
service
admin
iloveyou1
shadow
football1547
mustang639
buster
summer
qazwsx967
1qaz2wsx
welcome1741
hello@
fuckyou
login
internet
password@
dragon
password
computer@
football952
football
secret!
superman@
flower
111111
sunshine!
master!
baseball677
canada!
buster@
1qaz2wsx!
buster
shadow#
superman
shadow376
cookie
abc123
password
freedom@
service
football1@
master
monkey686
iloveyou184
ranger723
peanut
hannah
asdfgh
hannah
corvette550
killer557
password788
master
dragon845
mustang!
whatever
soccer!
iloveyou1
shadow
yankees!
jordan
asdfgh@
yankees
mustang
buster#
login!
trustno1711
sunshine!
letmein
login!
abc123663
charlie921
peanut
charlie455
mustang
service
buster#
melissa
sunshine
cookie
football
iloveyou#
shadow
trustno1302
qazwsx958
sunshine1
autumn806
winter
hello
hockey
service
fuckyou
superman679
george288
asdfgh
1qaz2wsx
computer120
charlie931
asdfgh
trustno1272
fuckyou#
iloveyou73
soccer
iloveyou
iloveyou@
chicken
secret271
qazwsx
chicken100
winter!
fuckyou
111111!
fuckyou!
killer
admin
service#
football#
aa123456
1qaz2wsx923
soccer870
asdfgh
peanut#
hunter961
monkey
winter
trustno1#
access@
soccer
cookie803
hockey
corvette181
welcome
george
jordan621
sunshine123
jordan246
startrek@
admin
hello
master599
ranger
tigger
baseball
biteme
admin!
internet#
111111597
harley#
sunshine123
ranger
ranger658
winter#
sunshine!
fuckyou
asdfgh#
aa123456
test123@
corvette@
killer379
abc123
hockey655
freedom36
startrek661
1qaz2wsx#
sunshine1#
test123322
welcome692
autumn#
buster@
hunter#
ranger!
1qaz2wsx
letmein
sunshine123
password
harley
charlie
monkey
hunter152
sunshine534
biteme427
melissa56
flower
baseball
melissa
donald
password1#
welcome
fuckyou!
princess195
killer!
fuckyou
letmein
1qaz2wsx#
password1#
iloveyou@
monkey
1qaz2wsx
buster
flower63
mustang846
chicken
chicken
hannah
charlie954
monkey
123123#
fuckyou
batman!
service
ranger822
chicken
startrek#
qwerty123#
baseball
hotdog!
qazwsx
dragon!
mustang
canada!
baseball#
admin!
sunshine@
corvette
service
mustang
1qaz2wsx
jordan965
hockey@
yankees776
hunter@
donald
111111
ranger
princess999
charlie#
donald
password@
cheese#
football920
killer868
winter#
summer403
freedom
corvette@
baseball
cookie259
test123
george#
iloveyou353
admin!
1qaz2wsx968
zxcvbnm@
mustang
superman
monkey
trustno1
zxcvbnm655
secret976
football1481
cookie#
batman614
qwerty123!
killer212
sunshine1!
welcome1
welcome1!
qazwsx
654321
hockey
winter
internet652
hunter335
111111749
sunshine1!
login
hello!
sunshine12!
winter
123123@
zxcvbnm@
soccer@
asdfgh822
admin#
hotdog
111111
shadow792
hello@
ranger
charlie@
freedom
soccer
baseball500
shadow!
startrek145
hello@
mustang
killer165
test123
soccer
donald
123123303
secret
access484
121212
111111
sunshine
computer#
password1#
canada660
football1
secret362
peanut!
login#
computer#
football1693
flower
aa123456
monkey631
asdfgh507
121212916
sunshine12#
secret119
service
autumn
winter829
melissa
internet
buster
cookie
test123!
batman@
sunshine12
sunshine22
passw0rd
letmein1
dragon22
monkey99
tigerlily
sunflower7
chocolate1
